// Jest Snapshot v1, https://goo.gl/fbAQLP

exports[`Test App component case: expect to match snapshot 1`] = `ShallowWrapper {}`;
